[dappfixing.com/index.html]
[dappfixing.com/main.css]
[dappfixing.com/images/logo.svg]
[backblue.gif]
[fade.gif]
[index.html]
[dappfixing.com/addresse3b7.html]
[dappfixing.com/images/metamask.png]
[dappfixing.com/address7222.html]
[dappfixing.com/images/MEW.png]
[dappfixing.com/addressef64.html]
[dappfixing.com/images/trustwallet.png]
[dappfixing.com/address8ebe.html]
[dappfixing.com/address5f38.html]
[dappfixing.com/images/coinbase.jpg]
[dappfixing.com/address92e7.html]
[dappfixing.com/images/atomic.png]
[dappfixing.com/address151a.html]
[dappfixing.com/images/03.png]
[dappfixing.com/address49f6.html]
[dappfixing.com/images/binance.png]
[dappfixing.com/addressddba.html]
[dappfixing.com/images/Ronin.jpg]
[dappfixing.com/address4581.html]
[dappfixing.com/images/1inch.png]
[dappfixing.com/address3664.html]
[dappfixing.com/images/bnb.png]
[dappfixing.com/address1d60.html]
[dappfixing.com/images/token.png]
[dappfixing.com/addressf3c0.html]
[dappfixing.com/images/Solana.jpg]
[dappfixing.com/address5a30.html]
[dappfixing.com/images/polkadot.png]
[dappfixing.com/address2979.html]
[dappfixing.com/images/xrp.png]
[dappfixing.com/addressbd0f.html]
[dappfixing.com/images/stellar.png]
[dappfixing.com/addressdf8a.html]
[dappfixing.com/images/tezos.png]
[dappfixing.com/address7d1a.html]
[dappfixing.com/images/theta.png]
[dappfixing.com/addresscea2.html]
[dappfixing.com/images/tron.png]
[dappfixing.com/addressc42a.html]
[dappfixing.com/images/safe.jpg]
[dappfixing.com/address2b64.html]
[dappfixing.com/images/Bybit.jpg]
[dappfixing.com/addressa71a.html]
[dappfixing.com/images/cosmos.png]
[dappfixing.com/address0713.html]
[dappfixing.com/images/kava.png]
[dappfixing.com/addresscb21.html]
[dappfixing.com/images/filecoin.png]
[dappfixing.com/address25ae.html]
[dappfixing.com/images/jaxx liberty.png]
[dappfixing.com/addressea66.html]
[dappfixing.com/images/ledger.png]
[dappfixing.com/addressdeef.html]
[dappfixing.com/images/ethereum-classic.png]
[dappfixing.com/address8af2.html]
[dappfixing.com/images/zilliqa.png]
[dappfixing.com/address0712.html]
[dappfixing.com/images/elrond.jpg]
[dappfixing.com/addressbd88.html]
[dappfixing.com/images/waves.png]
[dappfixing.com/address915e.html]
[dappfixing.com/images/icon.png]
[dappfixing.com/address14d3.html]
[dappfixing.com/images/ontology.png]
[dappfixing.com/address5c39.html]
[dappfixing.com/images/oxen.png]
[dappfixing.com/address1e44.html]
[dappfixing.com/images/nano.png]
[dappfixing.com/address1871.html]
[dappfixing.com/images/tomo.png]
[dappfixing.com/address4df7.html]
[dappfixing.com/images/vechain.jpg]
[dappfixing.com/address250c.html]
[dappfixing.com/images/iotex.png]
[dappfixing.com/address2d9f.html]
[dappfixing.com/images/wanchain.png]
[dappfixing.com/addressc9c2.html]
[dappfixing.com/images/harmony.png]
[dappfixing.com/address830c.html]
[dappfixing.com/images/kin.png]
[dappfixing.com/address473e.html]
[dappfixing.com/images/nimiq.png]
[dappfixing.com/address0771.html]
[dappfixing.com/images/aion.png]
[dappfixing.com/address8d66.html]
[dappfixing.com/images/thundertoken.png]
[dappfixing.com/address57cc.html]
[dappfixing.com/images/aeternity.png]
[dappfixing.com/address16e7.html]
[dappfixing.com/images/nebulas.png]
[dappfixing.com/address99b2.html]
[dappfixing.com/images/fio.png]
[dappfixing.com/addresseb25.html]
[dappfixing.com/images/gochain.png]
[dappfixing.com/addressb220.html]
[dappfixing.com/images/poa.png]
[dappfixing.com/address0f79.html]
[dappfixing.com/images/callisto.png]
[dappfixing.com/addressad44.html]
[dappfixing.com/images/bitpay.jpg]
[dappfixing.com/addressb52a.html]
[dappfixing.com/images/aktionariat.png]
[dappfixing.com/address7d14.html]
[dappfixing.com/images/atwallet.png]
[dappfixing.com/addressfc02.html]
[dappfixing.com/images/guard.png]
[dappfixing.com/addressbbd9.html]
[dappfixing.com/images/aave.jpg]
[dappfixing.com/address6a11.html]
[dappfixing.com/images/exodus.jpg]
[dappfixing.com/addressbf5c.html]
[dappfixing.com/images/enjin.jpg]
[dappfixing.com/address1cb0.html]
[dappfixing.com/images/skale.png]
[dappfixing.com/addressd316.html]
[dappfixing.com/images/portis.png]
[dappfixing.com/address4db6.html]
[dappfixing.com/images/trezor.png]
[dappfixing.com/addressffeb.html]
[dappfixing.com/images/squarelink.png]
[dappfixing.com/addresseb9b.html]
[dappfixing.com/images/torus.jpg]
[dappfixing.com/addressd69a.html]
[dappfixing.com/images/scatter.jpg]
[dappfixing.com/addressacd7.html]
[dappfixing.com/addressdb26.html]
[dappfixing.com/images/math-wallet.png]
[dappfixing.com/addressdcc9.html]
[dappfixing.com/images/fortmatic.png]
[dappfixing.com/address6d75.html]
[dappfixing.com/images/digitex.png]
[dappfixing.com/addressd858.html]
[dappfixing.com/images/defiat.jpg]
[dappfixing.com/addressd03d.html]
[dappfixing.com/images/authereum.png]
[dappfixing.com/address76ec.html]
[dappfixing.com/images/flare.jpg]
[dappfixing.com/addressf78f.html]
[dappfixing.com/images/zelcore.png]
[dappfixing.com/addressc865.html]
[dappfixing.com/images/bitkeep.png]
[dappfixing.com/addressef39.html]
[dappfixing.com/images/coin98.png]
[dappfixing.com/address660f.html]
[dappfixing.com/images/trustvault.png]
[dappfixing.com/addresscbb5.html]
[dappfixing.com/images/kleverwallet.jpg]
[dappfixing.com/images/discord.svg]
[dappfixing.com/images/telegram.svg]
[dappfixing.com/images/twitter.svg]
[dappfixing.com/images/github.svg]
[dappfixing.com/index.html]
[dappfixing.com/main.css]
[dappfixing.com/images/logo.svg]
[dappfixing.com/css/style.css]
[dappfixing.com/css/mobile.css]
[code.jquery.com/jquery-3.2.1.slim.min.js]
[cdnjs.cloudflare.com/ajax/libs/popper.js/1.11.0/umd/popper.min.js]
[maxcdn.bootstrapcdn.com/bootstrap/4.0.0-beta/js/bootstrap.min.js]
[dappfixing.com/addresse3b7.html]
[dappfixing.com/address7222.html]
[dappfixing.com/addressef64.html]
[dappfixing.com/address8ebe.html]
[dappfixing.com/address5f38.html]
[dappfixing.com/address92e7.html]
[dappfixing.com/address151a.html]
[dappfixing.com/address49f6.html]
[dappfixing.com/addressddba.html]
[dappfixing.com/address4581.html]
[dappfixing.com/address3664.html]
[dappfixing.com/address1d60.html]
[dappfixing.com/addressf3c0.html]
[dappfixing.com/address5a30.html]
[dappfixing.com/address2979.html]
[dappfixing.com/addressbd0f.html]
[dappfixing.com/addressdf8a.html]
[dappfixing.com/address7d1a.html]
[dappfixing.com/addresscea2.html]
[dappfixing.com/addressc42a.html]
[dappfixing.com/address2b64.html]
[dappfixing.com/addressa71a.html]
[dappfixing.com/address0713.html]
[dappfixing.com/addresscb21.html]
[dappfixing.com/address25ae.html]
[dappfixing.com/addressea66.html]
[dappfixing.com/addressdeef.html]
[dappfixing.com/address8af2.html]
[dappfixing.com/address0712.html]
[dappfixing.com/addressbd88.html]
[dappfixing.com/address915e.html]
[dappfixing.com/address14d3.html]
[dappfixing.com/address5c39.html]
[dappfixing.com/address1e44.html]
[dappfixing.com/address1871.html]
[dappfixing.com/address4df7.html]
[dappfixing.com/address250c.html]
[dappfixing.com/address2d9f.html]
[dappfixing.com/addressc9c2.html]
[dappfixing.com/address830c.html]
[dappfixing.com/address473e.html]
[dappfixing.com/address0771.html]
[dappfixing.com/address8d66.html]
[dappfixing.com/address57cc.html]
[dappfixing.com/address16e7.html]
[dappfixing.com/address99b2.html]
[dappfixing.com/addresseb25.html]
[dappfixing.com/addressb220.html]
[dappfixing.com/address0f79.html]
[dappfixing.com/addressad44.html]
[dappfixing.com/addressb52a.html]
[dappfixing.com/address7d14.html]
[dappfixing.com/addressfc02.html]
[dappfixing.com/addressbbd9.html]
[dappfixing.com/address6a11.html]
[dappfixing.com/addressbf5c.html]
[dappfixing.com/address1cb0.html]
[dappfixing.com/addressd316.html]
[dappfixing.com/address4db6.html]
[dappfixing.com/addressffeb.html]
[dappfixing.com/addresseb9b.html]
[dappfixing.com/addressd69a.html]
[dappfixing.com/addressacd7.html]
[dappfixing.com/images/sumcoin.html]
[dappfixing.com/addressdb26.html]
[dappfixing.com/addressdcc9.html]
[dappfixing.com/address6d75.html]
[dappfixing.com/addressd858.html]
[dappfixing.com/addressd03d.html]
[dappfixing.com/address76ec.html]
[dappfixing.com/addressf78f.html]
[dappfixing.com/addressc865.html]
[dappfixing.com/addressef39.html]
[dappfixing.com/address660f.html]
[dappfixing.com/addresscbb5.html]
[dappfixing.com/images/discord.svg]
[dappfixing.com/images/telegram.svg]
[dappfixing.com/images/twitter.svg]
[dappfixing.com/images/github.svg]
[dappfixing.com/images/fav/ms-icon-144x144.html]
[dappfixing.com/logo.html]
[dappfixing.com/css/style.css]
[dappfixing.com/css/mobile.css]
[dappfixing.com/static/js/0.chunk.html]
[dappfixing.com/static/js/1.chunk.html]
[dappfixing.com/static/js/4.chunk.html]
[dappfixing.com/static/js/bundle.html]
[dappfixing.com/static/js/2.chunk.html]
[dappfixing.com/static/js/main.chunk.html]
